2023-01-01 First
	Assets:Bank		-23,41; Something
	Expenses:Food

2023-01-02 Second
	Assets:Bank		-433,22; Something else
	Expenses:Car

2023-01-03 Third
	Assets:Bank		1023,40; Something else entirely
	Income:Salary

2023-01-04 Fourth
	Assets:Bank		-120,50; Something completely different
	Expenses:Beer

